Working with vectors: 6 3 4 1     9 2 3 4
Result (dot product): 76.0

Working with vectors: 5 2 3 4     5 3 6
Issue: vector component count is not even!

Working with vectors: 0.1 5 6     5 8 9 1.3
Issue: vector component count is not even!

Working with vectors: 9 7 3 4     9 9 7 3
Result (dot product): 177.0

# 2 vector pair(-s) was(were) multiplied in total.
