Working with vectors: -1 -1 -1 -1 -1  2 3.5 8.9n 9.8 -1.5
Value '8.9n' does not match numeric syntax in /home/daniele/Desktop/Magistrantūra/II_semestras/Programų kokybės užtikrinimo metodai/Testavimas/testavimo_projektas/Tests/Inputs/even_nnum_com_eln.dat!

# 0 vector pair(-s) was(were) multiplied in total.
