Working with vectors: 4 3 2 1              1.2 9 8 4
Result (dot product): 51.8

Working with vectors: -0.5 0.5 -1.5 1.5    2 8 9 7
Result (dot product): 0.0

Working with vectors: -9 6 0.2 5          -6.1 7 0.3 1
Result (dot product): 101.96000000000001

Working with vectors: -0.6 1.3 5.2 -9.7    10 -6.1 2 4.56
Result (dot product): -47.76199999999999

Working with vectors: 1 0.2 3 5.4         -9.7 6 0.4 8.7
Result (dot product): 39.68

# 5 vector pair(-s) was(were) multiplied in total.