Working with vectors: -3.14e10 5.69286e-06 -4.59653e-09 -6.76e05 4.83033e-07 8.35e09 1.08e10 -3.02e-05
Result (dot product): 32338.917476000002

Working with vectors: -5.00e10 2.16640e-08  -5.13e07 6.73e08 -7.70e08 8.38e09 -2.26709e08 6.38e-63
Result (dot product): 3.85116301717e+19

Working with vectors: 3.874e-07 -7.577e08 3.945e-07 -5.94e07 -4.82e10 -8.238e-05 3.807e+08 3.757e08
Result (dot product): -2.2316579999956104e+16

Working with vectors: -5.79874e08 -7.40e08 -6.55e06 7.934e-06 8.35e09 -1.02578e-09 -3.75e05 2.10470e10
Result (dot product): -4.841945443749833e+18

# 4 vector pair(-s) was(were) multiplied in total.
