Working with vectors: 4 3 2 1              1.2 9 8 4
Result (dot product): 51.8

Working with vectors: -0.5 0.5 -1.5 1.5    2 8 9 7
Result (dot product): 0.0

Working with vectors: -9 6 0.2 5          -6.1 7 0.3 1
Result (dot product): 101.96000000000001

Working with vectors: -0.6 1.3 5.2 -9.7    10 -6.1 2 4.56
Result (dot product): -47.76199999999999

Working with vectors: 1 0.2 3 5.4         -9.7 6 0.4 8.7
Result (dot product): 39.68

# 5 vector pair(-s) was(were) multiplied in total.
Working with vectors: 4 7 10 11            3.2 0.9 8 6
Result (dot product): 165.1

Working with vectors: -8.5 6.5 -1 1.23     7 -3.7 -7.1 -0.9
Result (dot product): -77.557

Working with vectors: -1.9 4 0.1 -0.5     -6 2.5 0 0.37
Result (dot product): 21.215

Working with vectors: -0.56 10.3 5 -9      1 -6 2.4 4
Result (dot product): -86.36000000000001

Working with vectors: 0.1 -0.27 4 5.6     -9 6 4 8
Result (dot product): 58.28

Working with vectors: 3 5 7 9		    -6 -2 -1 -7
Result (dot product): -98.0

# 6 vector pair(-s) was(were) multiplied in total.
