Working with vectors: -1 -1 -1 -1 -1  2 3.5 8.9n 9.8 -1.5
Value '8.9n' does not match numeric syntax in even_nnum_com_eln.dat!

# 0 vector pair(-s) was(were) multiplied in total.
