Working with vectors: 4 3 2 1   1 9 8 4
Result (dot product): 51.0

Working with vectors: -0.5 0.5 -1.5 1.5     2 8 9 7
Result (dot product): 0.0

Working with vectors: 0.7 2.5 -15 5         2 0 6
Issue: vector component count is not even!

Working with vectors: 2.43 3.21 5.46 5.74   6.08 0.8 6.18 0.87
Result (dot product): 56.079

# 3 vector pair(-s) was(were) multiplied in total.
