Working with vectors: 2.3e11 -2.513381e6 6.23e2  -3.61e2   -3.54128e5 -2.513381e6 -10.36e8 -5.126994565e-1
Result (dot product): -8.144376834394864e+16

Working with vectors: -5.12e-1 -1.365841e0 -1.269365651621e4 -3.548e5   -3.54e5 -2.381e6 -6.55e-1 -5.12e-3
Result (dot product): 3443446.3420181177

# 2 vector pair(-s) was(were) multiplied in total.
